// Jest Snapshot v1, https://goo.gl/fbAQLP

exports[` 1`] = `
<div>
  <main
    class="mainBlock"
  >
    <h1
      class="title"
    >
      장소 수정
    </h1>
    <div
      class="subBlock"
    >
      <input
        class="input"
        placeholder="가게이름"
      />
      <select
        class="input"
      >
        <option
          value="카테고리"
        >
          카테고리
        </option>
        <option
          value="카페"
        >
          카페
        </option>
        <option
          value="식당"
        >
          식당
        </option>
        <option
          value="주점"
        >
          주점
        </option>
      </select>
      <div
        class="input"
        placeholder="주소"
      />
      <input
        class="input"
        placeholder="전화번호"
      />
      <textarea
        class="textarea"
        placeholder="월 : 10:00~12:00 14:00~19:00/ 브레이크타임 12:00~14:00/라스트오더 18:30
화 : 10:00~12:00 14:00~19:00/ 브레이크타임 12:00~14:00/라스트오더 18:30
와 같이 다른 요일간에는 줄바꿈을 사용하고, 다른 정보간에는 /를 사용해서 표기해주세요"
      />
      <div
        class="menuBlock"
      >
        <label
          class="fileButton"
          for="mainimg"
        >
          <div
            class="imgButtonTitle"
          >
            대표사진 추가
          </div>
          <div
            class="fileIcon"
          >
            <svg
              fill="currentColor"
              height="40"
              stroke="currentColor"
              stroke-width="0"
              viewBox="0 0 1024 1024"
              width="40"
              xmlns="http://www.w3.org/2000/svg"
            >
              <path
                d="M928 160H96c-17.7 0-32 14.3-32 32v640c0 17.7 14.3 32 32 32h832c17.7 0 32-14.3 32-32V192c0-17.7-14.3-32-32-32zm-40 632H136v-39.9l138.5-164.3 150.1 178L658.1 489 888 761.6V792zm0-129.8L664.2 396.8c-3.2-3.8-9-3.8-12.2 0L424.6 666.4l-144-170.7c-3.2-3.8-9-3.8-12.2 0L136 652.7V232h752v430.2zM304 456a88 88 0 1 0 0-176 88 88 0 0 0 0 176zm0-116c15.5 0 28 12.5 28 28s-12.5 28-28 28-28-12.5-28-28 12.5-28 28-28z"
              />
            </svg>
          </div>
          <div
            class="fileCount"
          >
            (1/1)
          </div>
        </label>
        <input
          accept="image/*"
          class="realFileButton"
          data-testid="addMainImg"
          id="mainimg"
          multiple=""
          type="file"
        />
        <div
          class="imgBlock"
        >
          <span
            style="box-sizing: border-box; display: inline-block; overflow: hidden; background: none; opacity: 1; border: 0px; margin: 0px; padding: 0px; position: relative; max-width: 100%;"
          >
            <span
              style="box-sizing: border-box; display: block; background: none; opacity: 1; border: 0px; margin: 0px; padding: 0px; max-width: 100%;"
            >
              <img
                alt=""
                aria-hidden="true"
                src="data:image/svg+xml,%3csvg%20xmlns=%27http://www.w3.org/2000/svg%27%20version=%271.1%27%20width=%27100%27%20height=%27100%27/%3e"
                style="display: block; max-width: 100%; background: none; opacity: 1; border: 0px; margin: 0px; padding: 0px;"
              />
            </span>
            <img
              class="img"
              data-nimg="intrinsic"
              decoding="async"
              src="data:image/gif;base64,R0lGODlhAQABAIAAAAAAAP///yH5BAEAAAAALAAAAAABAAEAAAIBRAA7"
              style="position: absolute; top: 0px; left: 0px; bottom: 0px; right: 0px; box-sizing: border-box; padding: 0px; margin: auto; display: block; width: 0px; height: 0px; min-width: 100%; max-width: 100%; min-height: 100%; max-height: 100%;"
            />
            <noscript />
          </span>
          <div
            class="imgDeleteButton"
            data-testid="deleteExistMainImg"
          >
            <svg
              fill="currentColor"
              height="20"
              stroke="currentColor"
              stroke-width="0"
              style="color: white; opacity: 1;"
              version="1.1"
              viewBox="0 0 16 16"
              width="20"
              xmlns="http://www.w3.org/2000/svg"
            >
              <path
                d="M15.854 12.854c-0-0-0-0-0-0l-4.854-4.854 4.854-4.854c0-0 0-0 0-0 0.052-0.052 0.090-0.113 0.114-0.178 0.066-0.178 0.028-0.386-0.114-0.529l-2.293-2.293c-0.143-0.143-0.351-0.181-0.529-0.114-0.065 0.024-0.126 0.062-0.178 0.114 0 0-0 0-0 0l-4.854 4.854-4.854-4.854c-0-0-0-0-0-0-0.052-0.052-0.113-0.090-0.178-0.114-0.178-0.066-0.386-0.029-0.529 0.114l-2.293 2.293c-0.143 0.143-0.181 0.351-0.114 0.529 0.024 0.065 0.062 0.126 0.114 0.178 0 0 0 0 0 0l4.854 4.854-4.854 4.854c-0 0-0 0-0 0-0.052 0.052-0.090 0.113-0.114 0.178-0.066 0.178-0.029 0.386 0.114 0.529l2.293 2.293c0.143 0.143 0.351 0.181 0.529 0.114 0.065-0.024 0.126-0.062 0.178-0.114 0-0 0-0 0-0l4.854-4.854 4.854 4.854c0 0 0 0 0 0 0.052 0.052 0.113 0.090 0.178 0.114 0.178 0.066 0.386 0.029 0.529-0.114l2.293-2.293c0.143-0.143 0.181-0.351 0.114-0.529-0.024-0.065-0.062-0.126-0.114-0.178z"
              />
            </svg>
          </div>
        </div>
        <div
          class="imgBlock"
        >
          <span
            style="box-sizing: border-box; display: inline-block; overflow: hidden; background: none; opacity: 1; border: 0px; margin: 0px; padding: 0px; position: relative; max-width: 100%;"
          >
            <span
              style="box-sizing: border-box; display: block; background: none; opacity: 1; border: 0px; margin: 0px; padding: 0px; max-width: 100%;"
            >
              <img
                alt=""
                aria-hidden="true"
                src="data:image/svg+xml,%3csvg%20xmlns=%27http://www.w3.org/2000/svg%27%20version=%271.1%27%20width=%27100%27%20height=%27100%27/%3e"
                style="display: block; max-width: 100%; background: none; opacity: 1; border: 0px; margin: 0px; padding: 0px;"
              />
            </span>
            <img
              class="img"
              data-nimg="intrinsic"
              decoding="async"
              src="data:image/gif;base64,R0lGODlhAQABAIAAAAAAAP///yH5BAEAAAAALAAAAAABAAEAAAIBRAA7"
              style="position: absolute; top: 0px; left: 0px; bottom: 0px; right: 0px; box-sizing: border-box; padding: 0px; margin: auto; display: block; width: 0px; height: 0px; min-width: 100%; max-width: 100%; min-height: 100%; max-height: 100%;"
            />
            <noscript />
          </span>
          <div
            class="imgDeleteButton"
            data-testid="deleteMainImg0"
          >
            <svg
              fill="currentColor"
              height="20"
              stroke="currentColor"
              stroke-width="0"
              style="color: white; opacity: 1;"
              version="1.1"
              viewBox="0 0 16 16"
              width="20"
              xmlns="http://www.w3.org/2000/svg"
            >
              <path
                d="M15.854 12.854c-0-0-0-0-0-0l-4.854-4.854 4.854-4.854c0-0 0-0 0-0 0.052-0.052 0.090-0.113 0.114-0.178 0.066-0.178 0.028-0.386-0.114-0.529l-2.293-2.293c-0.143-0.143-0.351-0.181-0.529-0.114-0.065 0.024-0.126 0.062-0.178 0.114 0 0-0 0-0 0l-4.854 4.854-4.854-4.854c-0-0-0-0-0-0-0.052-0.052-0.113-0.090-0.178-0.114-0.178-0.066-0.386-0.029-0.529 0.114l-2.293 2.293c-0.143 0.143-0.181 0.351-0.114 0.529 0.024 0.065 0.062 0.126 0.114 0.178 0 0 0 0 0 0l4.854 4.854-4.854 4.854c-0 0-0 0-0 0-0.052 0.052-0.090 0.113-0.114 0.178-0.066 0.178-0.029 0.386 0.114 0.529l2.293 2.293c0.143 0.143 0.351 0.181 0.529 0.114 0.065-0.024 0.126-0.062 0.178-0.114 0-0 0-0 0-0l4.854-4.854 4.854 4.854c0 0 0 0 0 0 0.052 0.052 0.113 0.090 0.178 0.114 0.178 0.066 0.386 0.029 0.529-0.114l2.293-2.293c0.143-0.143 0.181-0.351 0.114-0.529-0.024-0.065-0.062-0.126-0.114-0.178z"
              />
            </svg>
          </div>
        </div>
      </div>
      <div
        class="menuBlock"
      >
        <label
          class="fileButton"
          for="menuimg"
        >
          <div
            class="imgButtonTitle"
          >
            메뉴판 추가
          </div>
          <div
            class="fileIcon"
          >
            <svg
              fill="currentColor"
              height="40"
              stroke="currentColor"
              stroke-width="0"
              viewBox="0 0 1024 1024"
              width="40"
              xmlns="http://www.w3.org/2000/svg"
            >
              <path
                d="M928 160H96c-17.7 0-32 14.3-32 32v640c0 17.7 14.3 32 32 32h832c17.7 0 32-14.3 32-32V192c0-17.7-14.3-32-32-32zm-40 632H136v-39.9l138.5-164.3 150.1 178L658.1 489 888 761.6V792zm0-129.8L664.2 396.8c-3.2-3.8-9-3.8-12.2 0L424.6 666.4l-144-170.7c-3.2-3.8-9-3.8-12.2 0L136 652.7V232h752v430.2zM304 456a88 88 0 1 0 0-176 88 88 0 0 0 0 176zm0-116c15.5 0 28 12.5 28 28s-12.5 28-28 28-28-12.5-28-28 12.5-28 28-28z"
              />
            </svg>
          </div>
          <div
            class="fileCount"
          >
            (2/10)
          </div>
        </label>
        <input
          accept="image/*"
          class="realFileButton"
          data-testid="addMenuImg"
          id="menuimg"
          multiple=""
          type="file"
        />
        <div
          class="imgBlock"
        >
          <span
            style="box-sizing: border-box; display: inline-block; overflow: hidden; background: none; opacity: 1; border: 0px; margin: 0px; padding: 0px; position: relative; max-width: 100%;"
          >
            <span
              style="box-sizing: border-box; display: block; background: none; opacity: 1; border: 0px; margin: 0px; padding: 0px; max-width: 100%;"
            >
              <img
                alt=""
                aria-hidden="true"
                src="data:image/svg+xml,%3csvg%20xmlns=%27http://www.w3.org/2000/svg%27%20version=%271.1%27%20width=%27100%27%20height=%27100%27/%3e"
                style="display: block; max-width: 100%; background: none; opacity: 1; border: 0px; margin: 0px; padding: 0px;"
              />
            </span>
            <img
              class="img"
              data-nimg="intrinsic"
              decoding="async"
              src="data:image/gif;base64,R0lGODlhAQABAIAAAAAAAP///yH5BAEAAAAALAAAAAABAAEAAAIBRAA7"
              style="position: absolute; top: 0px; left: 0px; bottom: 0px; right: 0px; box-sizing: border-box; padding: 0px; margin: auto; display: block; width: 0px; height: 0px; min-width: 100%; max-width: 100%; min-height: 100%; max-height: 100%;"
            />
            <noscript />
          </span>
          <div
            class="imgDeleteButton"
            data-testid="deleteExistMenuImg0"
          >
            <svg
              fill="currentColor"
              height="20"
              stroke="currentColor"
              stroke-width="0"
              style="color: white; opacity: 1;"
              version="1.1"
              viewBox="0 0 16 16"
              width="20"
              xmlns="http://www.w3.org/2000/svg"
            >
              <path
                d="M15.854 12.854c-0-0-0-0-0-0l-4.854-4.854 4.854-4.854c0-0 0-0 0-0 0.052-0.052 0.090-0.113 0.114-0.178 0.066-0.178 0.028-0.386-0.114-0.529l-2.293-2.293c-0.143-0.143-0.351-0.181-0.529-0.114-0.065 0.024-0.126 0.062-0.178 0.114 0 0-0 0-0 0l-4.854 4.854-4.854-4.854c-0-0-0-0-0-0-0.052-0.052-0.113-0.090-0.178-0.114-0.178-0.066-0.386-0.029-0.529 0.114l-2.293 2.293c-0.143 0.143-0.181 0.351-0.114 0.529 0.024 0.065 0.062 0.126 0.114 0.178 0 0 0 0 0 0l4.854 4.854-4.854 4.854c-0 0-0 0-0 0-0.052 0.052-0.090 0.113-0.114 0.178-0.066 0.178-0.029 0.386 0.114 0.529l2.293 2.293c0.143 0.143 0.351 0.181 0.529 0.114 0.065-0.024 0.126-0.062 0.178-0.114 0-0 0-0 0-0l4.854-4.854 4.854 4.854c0 0 0 0 0 0 0.052 0.052 0.113 0.090 0.178 0.114 0.178 0.066 0.386 0.029 0.529-0.114l2.293-2.293c0.143-0.143 0.181-0.351 0.114-0.529-0.024-0.065-0.062-0.126-0.114-0.178z"
              />
            </svg>
          </div>
        </div>
        <div
          class="imgBlock"
        >
          <span
            style="box-sizing: border-box; display: inline-block; overflow: hidden; background: none; opacity: 1; border: 0px; margin: 0px; padding: 0px; position: relative; max-width: 100%;"
          >
            <span
              style="box-sizing: border-box; display: block; background: none; opacity: 1; border: 0px; margin: 0px; padding: 0px; max-width: 100%;"
            >
              <img
                alt=""
                aria-hidden="true"
                src="data:image/svg+xml,%3csvg%20xmlns=%27http://www.w3.org/2000/svg%27%20version=%271.1%27%20width=%27100%27%20height=%27100%27/%3e"
                style="display: block; max-width: 100%; background: none; opacity: 1; border: 0px; margin: 0px; padding: 0px;"
              />
            </span>
            <img
              class="img"
              data-nimg="intrinsic"
              decoding="async"
              src="data:image/gif;base64,R0lGODlhAQABAIAAAAAAAP///yH5BAEAAAAALAAAAAABAAEAAAIBRAA7"
              style="position: absolute; top: 0px; left: 0px; bottom: 0px; right: 0px; box-sizing: border-box; padding: 0px; margin: auto; display: block; width: 0px; height: 0px; min-width: 100%; max-width: 100%; min-height: 100%; max-height: 100%;"
            />
            <noscript />
          </span>
          <div
            class="imgDeleteButton"
            data-testid="deleteMenuImg0"
          >
            <svg
              fill="currentColor"
              height="20"
              stroke="currentColor"
              stroke-width="0"
              style="color: white; opacity: 1;"
              version="1.1"
              viewBox="0 0 16 16"
              width="20"
              xmlns="http://www.w3.org/2000/svg"
            >
              <path
                d="M15.854 12.854c-0-0-0-0-0-0l-4.854-4.854 4.854-4.854c0-0 0-0 0-0 0.052-0.052 0.090-0.113 0.114-0.178 0.066-0.178 0.028-0.386-0.114-0.529l-2.293-2.293c-0.143-0.143-0.351-0.181-0.529-0.114-0.065 0.024-0.126 0.062-0.178 0.114 0 0-0 0-0 0l-4.854 4.854-4.854-4.854c-0-0-0-0-0-0-0.052-0.052-0.113-0.090-0.178-0.114-0.178-0.066-0.386-0.029-0.529 0.114l-2.293 2.293c-0.143 0.143-0.181 0.351-0.114 0.529 0.024 0.065 0.062 0.126 0.114 0.178 0 0 0 0 0 0l4.854 4.854-4.854 4.854c-0 0-0 0-0 0-0.052 0.052-0.090 0.113-0.114 0.178-0.066 0.178-0.029 0.386 0.114 0.529l2.293 2.293c0.143 0.143 0.351 0.181 0.529 0.114 0.065-0.024 0.126-0.062 0.178-0.114 0-0 0-0 0-0l4.854-4.854 4.854 4.854c0 0 0 0 0 0 0.052 0.052 0.113 0.090 0.178 0.114 0.178 0.066 0.386 0.029 0.529-0.114l2.293-2.293c0.143-0.143 0.181-0.351 0.114-0.529-0.024-0.065-0.062-0.126-0.114-0.178z"
              />
            </svg>
          </div>
        </div>
      </div>
    </div>
    <div
      class="submitButtonBlock"
    >
      <button
        class="submitButton"
        data-testid="submit"
      >
        수정하기
      </button>
    </div>
  </main>
</div>
`;
