// Jest Snapshot v1, https://goo.gl/fbAQLP

exports[` 1`] = `
<div>
  <main
    class="mainBlock"
  >
    <div
      class="titleBlock"
    >
      <h3
        class="title"
      >
        test
      </h3>
      <div
        class="titleInfoBlock"
      >
        <ul
          class="leftBlock"
        >
          <li
            class="nickname"
          >
            test
          </li>
          <li
            class="date"
          >
            NaN년 전
          </li>
          <li
            class="viewCount"
          >
            <svg
              class="icon"
              fill="currentColor"
              height="1em"
              stroke="currentColor"
              stroke-width="0"
              viewBox="0 0 24 24"
              width="1em"
              xmlns="http://www.w3.org/2000/svg"
            >
              <path
                d="M12,21 C7,21 1,16 1,12 C1,8 7,3 12,3 C17,3 23,8 23,12 C23,16 17,21 12,21 Z M12,7 C9.23875,7 7,9.23875 7,12 C7,14.76125 9.23875,17 12,17 C14.76125,17 17,14.76125 17,12 C17,9.23875 14.76125,7 12,7 L12,7 Z"
                fill="none"
                stroke="#000"
                stroke-width="2"
              />
            </svg>
            1
          </li>
        </ul>
        <div
          class="rightBlock"
        >
          <button
            class="deletePostButton"
            data-testid="deletePost"
          >
            삭제하기
          </button>
        </div>
      </div>
    </div>
    <div
      class="photoListBlock"
    />
    <p
      class="content"
    >
      test
    </p>
    <button
      class="likeCount"
      data-testid="deleteOrPostLikecount"
    >
      <svg
        class="icon"
        fill="currentColor"
        height="1em"
        stroke="currentColor"
        stroke-width="0"
        viewBox="0 0 1024 1024"
        width="1em"
        xmlns="http://www.w3.org/2000/svg"
      >
        <path
          d="M923 283.6a260.04 260.04 0 0 0-56.9-82.8 264.4 264.4 0 0 0-84-55.5A265.34 265.34 0 0 0 679.7 125c-49.3 0-97.4 13.5-139.2 39-10 6.1-19.5 12.8-28.5 20.1-9-7.3-18.5-14-28.5-20.1-41.8-25.5-89.9-39-139.2-39-35.5 0-69.9 6.8-102.4 20.3-31.4 13-59.7 31.7-84 55.5a258.44 258.44 0 0 0-56.9 82.8c-13.9 32.3-21 66.6-21 101.9 0 33.3 6.8 68 20.3 103.3 11.3 29.5 27.5 60.1 48.2 91 32.8 48.9 77.9 99.9 133.9 151.6 92.8 85.7 184.7 144.9 188.6 147.3l23.7 15.2c10.5 6.7 24 6.7 34.5 0l23.7-15.2c3.9-2.5 95.7-61.6 188.6-147.3 56-51.7 101.1-102.7 133.9-151.6 20.7-30.9 37-61.5 48.2-91 13.5-35.3 20.3-70 20.3-103.3.1-35.3-7-69.6-20.9-101.9zM512 814.8S156 586.7 156 385.5C156 283.6 240.3 201 344.3 201c73.1 0 136.5 40.8 167.7 100.4C543.2 241.8 606.6 201 679.7 201c104 0 188.3 82.6 188.3 184.5 0 201.2-356 429.3-356 429.3z"
        />
      </svg>
      0
    </button>
    <div
      class="commentTitle"
    >
      <svg
        class="icon"
        fill="currentColor"
        height="1em"
        stroke="currentColor"
        stroke-width="0"
        viewBox="0 0 24 24"
        width="1em"
        xmlns="http://www.w3.org/2000/svg"
      >
        <path
          d="M7 7h10v2H7zm0 4h7v2H7z"
        />
        <path
          d="M20 2H4c-1.103 0-2 .897-2 2v18l5.333-4H20c1.103 0 2-.897 2-2V4c0-1.103-.897-2-2-2zm0 14H6.667L4 18V4h16v12z"
        />
      </svg>
      댓글 
      1
      개
    </div>
    <div
      class="commentListBlock"
    >
      <div
        class="commentBlock"
      >
        <ul
          class="commentInfoBlock"
        >
          <li
            class="commentUser"
          >
            test
          </li>
          <li
            class="commentDate"
          >
            NaN년 전
          </li>
          <button
            class="deleteCommentButton"
            data-testid="deleteComment"
          >
            삭제
          </button>
        </ul>
        <p
          class="commentContent"
        >
          test
        </p>
      </div>
    </div>
    <div
      class="commentInputBlock"
    >
      <textarea
        aria-label="commentTextarea"
        class="commentInput"
      />
      <button
        class="commentSubmitButton"
        data-testid="postComment"
      >
        등록
      </button>
    </div>
  </main>
</div>
`;
