// Jest Snapshot v1, https://goo.gl/fbAQLP

exports[`SignupForm Presentational 테스트 정상 출력 1`] = `
<div>
  <main
    class="mainBlock"
  >
    <div
      class="subBlock"
    >
      <h1
        class="title"
      >
        회원가입
      </h1>
      <div
        class="contentBlock"
      >
        <h2
          class="subTitle"
        >
          아이디
        </h2>
        <input
          class="input"
          placeholder="아이디를 10자리 미만으로 기입하세요"
        />
      </div>
      <div
        class="contentBlock"
      >
        <h2
          class="subTitle"
        >
          비밀번호
        </h2>
        <input
          class="input"
          placeholder="비밀번호를 10자리 미만으로 기입하세요"
          type="password"
        />
      </div>
      <div
        class="contentBlock"
      >
        <h2
          class="subTitle"
        >
          비밀번호 확인
        </h2>
        <input
          class="input"
          placeholder="위와 동일한 비밀번호를 입력하세요"
          type="password"
        />
      </div>
      <div
        class="contentBlock"
      >
        <h2
          class="subTitle"
        >
          닉네임
        </h2>
        <input
          class="input"
          placeholder="닉네임을 5자리 미만으로 기입하세요"
        />
      </div>
      <div
        class="contentBlock"
      >
        <h2
          class="subTitle"
        >
          이메일
        </h2>
        <input
          class="input"
          placeholder="유효한 이메일을 입력하세요"
        />
      </div>
      <div
        class="submitButtonBlock"
      >
        <button
          class="submitButton"
          data-testid="signup"
        >
          회원가입
        </button>
      </div>
    </div>
  </main>
</div>
`;
